// Jest Snapshot v1, https://goo.gl/fbAQLP

exports[`Vending Machine Payment componet 1`] = `
<div
  className="payment"
>
  <label
    className="payment__info"
  >
    The vending maching support only 
    50 bani, 1 leu, 5 lei, 10 lei
    .
  </label>
  <div
    className="display"
  >
    <div
      className="display__label"
    >
      Balance
    </div>
    <div
      className="display__value"
    >
      undefined RON
    </div>
  </div>
  <div
    className="payment__payment-input"
  >
    <svg
      aria-hidden="true"
      className="svg-inline--fa fa-registered fa-w-16 fa-2x payment__icon"
      data-icon="registered"
      data-prefix="fas"
      focusable="false"
      onClick={[Function]}
      role="img"
      style={Object {}}
      viewBox="0 0 512 512"
      xmlns="http://www.w3.org/2000/svg"
    >
      <path
        d="M285.363 207.475c0 18.6-9.831 28.431-28.431 28.431h-29.876v-56.14h23.378c28.668 0 34.929 8.773 34.929 27.709zM504 256c0 136.967-111.033 248-248 248S8 392.967 8 256 119.033 8 256 8s248 111.033 248 248zM363.411 360.414c-46.729-84.825-43.299-78.636-44.702-80.98 23.432-15.172 37.945-42.979 37.945-74.486 0-54.244-31.5-89.252-105.498-89.252h-70.667c-13.255 0-24 10.745-24 24V372c0 13.255 10.745 24 24 24h22.567c13.255 0 24-10.745 24-24v-71.663h25.556l44.129 82.937a24.001 24.001 0 0 0 21.188 12.727h24.464c18.261-.001 29.829-19.591 21.018-35.587z"
        fill="currentColor"
        style={Object {}}
      />
    </svg>
    <div
      className="payment__info"
    >
      Press the 'R' button for rest.
    </div>
  </div>
  <div
    className="error__container"
  >
    
  </div>
  <div
    className="payment__wallet"
  >
    <div
      className="payment__info"
    >
      Your Wallet
    </div>
    <div
      className="payment__coins"
    >
      <div
        className="payment__coin"
        onClick={[Function]}
      >
        <svg
          aria-hidden="true"
          className="svg-inline--fa fa-coins fa-w-16 fa-2x payment__icon"
          data-icon="coins"
          data-prefix="fas"
          focusable="false"
          role="img"
          style={Object {}}
          viewBox="0 0 512 512"
          xmlns="http://www.w3.org/2000/svg"
        >
          <path
            d="M0 405.3V448c0 35.3 86 64 192 64s192-28.7 192-64v-42.7C342.7 434.4 267.2 448 192 448S41.3 434.4 0 405.3zM320 128c106 0 192-28.7 192-64S426 0 320 0 128 28.7 128 64s86 64 192 64zM0 300.4V352c0 35.3 86 64 192 64s192-28.7 192-64v-51.6c-41.3 34-116.9 51.6-192 51.6S41.3 334.4 0 300.4zm416 11c57.3-11.1 96-31.7 96-55.4v-42.7c-23.2 16.4-57.3 27.6-96 34.5v63.6zM192 160C86 160 0 195.8 0 240s86 80 192 80 192-35.8 192-80-86-80-192-80zm219.3 56.3c60-10.8 100.7-32 100.7-56.3v-42.7c-35.5 25.1-96.5 38.6-160.7 41.8 29.5 14.3 51.2 33.5 60 57.2z"
            fill="currentColor"
            style={Object {}}
          />
        </svg>
        <label>
          50 bani
        </label>
      </div>
      <div
        className="payment__coin"
        onClick={[Function]}
      >
        <svg
          aria-hidden="true"
          className="svg-inline--fa fa-coins fa-w-16 fa-2x payment__icon"
          data-icon="coins"
          data-prefix="fas"
          focusable="false"
          role="img"
          style={Object {}}
          viewBox="0 0 512 512"
          xmlns="http://www.w3.org/2000/svg"
        >
          <path
            d="M0 405.3V448c0 35.3 86 64 192 64s192-28.7 192-64v-42.7C342.7 434.4 267.2 448 192 448S41.3 434.4 0 405.3zM320 128c106 0 192-28.7 192-64S426 0 320 0 128 28.7 128 64s86 64 192 64zM0 300.4V352c0 35.3 86 64 192 64s192-28.7 192-64v-51.6c-41.3 34-116.9 51.6-192 51.6S41.3 334.4 0 300.4zm416 11c57.3-11.1 96-31.7 96-55.4v-42.7c-23.2 16.4-57.3 27.6-96 34.5v63.6zM192 160C86 160 0 195.8 0 240s86 80 192 80 192-35.8 192-80-86-80-192-80zm219.3 56.3c60-10.8 100.7-32 100.7-56.3v-42.7c-35.5 25.1-96.5 38.6-160.7 41.8 29.5 14.3 51.2 33.5 60 57.2z"
            fill="currentColor"
            style={Object {}}
          />
        </svg>
        <label>
          1 leu
        </label>
      </div>
      <div
        className="payment__coin"
        onClick={[Function]}
      >
        <svg
          aria-hidden="true"
          className="svg-inline--fa fa-coins fa-w-16 fa-2x payment__icon"
          data-icon="coins"
          data-prefix="fas"
          focusable="false"
          role="img"
          style={Object {}}
          viewBox="0 0 512 512"
          xmlns="http://www.w3.org/2000/svg"
        >
          <path
            d="M0 405.3V448c0 35.3 86 64 192 64s192-28.7 192-64v-42.7C342.7 434.4 267.2 448 192 448S41.3 434.4 0 405.3zM320 128c106 0 192-28.7 192-64S426 0 320 0 128 28.7 128 64s86 64 192 64zM0 300.4V352c0 35.3 86 64 192 64s192-28.7 192-64v-51.6c-41.3 34-116.9 51.6-192 51.6S41.3 334.4 0 300.4zm416 11c57.3-11.1 96-31.7 96-55.4v-42.7c-23.2 16.4-57.3 27.6-96 34.5v63.6zM192 160C86 160 0 195.8 0 240s86 80 192 80 192-35.8 192-80-86-80-192-80zm219.3 56.3c60-10.8 100.7-32 100.7-56.3v-42.7c-35.5 25.1-96.5 38.6-160.7 41.8 29.5 14.3 51.2 33.5 60 57.2z"
            fill="currentColor"
            style={Object {}}
          />
        </svg>
        <label>
          5 lei
        </label>
      </div>
      <div
        className="payment__coin"
        onClick={[Function]}
      >
        <svg
          aria-hidden="true"
          className="svg-inline--fa fa-coins fa-w-16 fa-2x payment__icon"
          data-icon="coins"
          data-prefix="fas"
          focusable="false"
          role="img"
          style={Object {}}
          viewBox="0 0 512 512"
          xmlns="http://www.w3.org/2000/svg"
        >
          <path
            d="M0 405.3V448c0 35.3 86 64 192 64s192-28.7 192-64v-42.7C342.7 434.4 267.2 448 192 448S41.3 434.4 0 405.3zM320 128c106 0 192-28.7 192-64S426 0 320 0 128 28.7 128 64s86 64 192 64zM0 300.4V352c0 35.3 86 64 192 64s192-28.7 192-64v-51.6c-41.3 34-116.9 51.6-192 51.6S41.3 334.4 0 300.4zm416 11c57.3-11.1 96-31.7 96-55.4v-42.7c-23.2 16.4-57.3 27.6-96 34.5v63.6zM192 160C86 160 0 195.8 0 240s86 80 192 80 192-35.8 192-80-86-80-192-80zm219.3 56.3c60-10.8 100.7-32 100.7-56.3v-42.7c-35.5 25.1-96.5 38.6-160.7 41.8 29.5 14.3 51.2 33.5 60 57.2z"
            fill="currentColor"
            style={Object {}}
          />
        </svg>
        <label>
          10 lei
        </label>
      </div>
    </div>
  </div>
</div>
`;
